// Jest Snapshot v1, https://goo.gl/fbAQLP

exports[`<BuyButton /> should match snapshot 1`] = `
<Mutation
  ignoreResults={true}
  mutation={
    Object {
      "addItem": Object {
        "definitions": Array [
          Object {
            "directives": Array [
              Object {
                "arguments": Array [
                  Object {
                    "kind": "Argument",
                    "name": Object {
                      "kind": "Name",
                      "value": "scope",
                    },
                    "value": Object {
                      "block": false,
                      "kind": "StringValue",
                      "value": "private",
                    },
                  },
                ],
                "kind": "Directive",
                "name": Object {
                  "kind": "Name",
                  "value": "context",
                },
              },
            ],
            "kind": "OperationDefinition",
            "name": Object {
              "kind": "Name",
              "value": "addItem",
            },
            "operation": "mutation",
            "selectionSet": Object {
              "kind": "SelectionSet",
              "selections": Array [
                Object {
                  "arguments": Array [
                    Object {
                      "kind": "Argument",
                      "name": Object {
                        "kind": "Name",
                        "value": "orderFormId",
                      },
                      "value": Object {
                        "kind": "Variable",
                        "name": Object {
                          "kind": "Name",
                          "value": "orderFormId",
                        },
                      },
                    },
                    Object {
                      "kind": "Argument",
                      "name": Object {
                        "kind": "Name",
                        "value": "items",
                      },
                      "value": Object {
                        "kind": "Variable",
                        "name": Object {
                          "kind": "Name",
                          "value": "items",
                        },
                      },
                    },
                  ],
                  "directives": Array [],
                  "kind": "Field",
                  "name": Object {
                    "kind": "Name",
                    "value": "addItem",
                  },
                  "selectionSet": Object {
                    "kind": "SelectionSet",
                    "selections": Array [
                      Object {
                        "arguments": Array [],
                        "directives": Array [],
                        "kind": "Field",
                        "name": Object {
                          "kind": "Name",
                          "value": "items",
                        },
                        "selectionSet": Object {
                          "kind": "SelectionSet",
                          "selections": Array [
                            Object {
                              "arguments": Array [],
                              "directives": Array [],
                              "kind": "Field",
                              "name": Object {
                                "kind": "Name",
                                "value": "id",
                              },
                            },
                          ],
                        },
                      },
                    ],
                  },
                },
              ],
            },
            "variableDefinitions": Array [
              Object {
                "kind": "VariableDefinition",
                "type": Object {
                  "kind": "NamedType",
                  "name": Object {
                    "kind": "Name",
                    "value": "String",
                  },
                },
                "variable": Object {
                  "kind": "Variable",
                  "name": Object {
                    "kind": "Name",
                    "value": "orderFormId",
                  },
                },
              },
              Object {
                "kind": "VariableDefinition",
                "type": Object {
                  "kind": "ListType",
                  "type": Object {
                    "kind": "NamedType",
                    "name": Object {
                      "kind": "Name",
                      "value": "OrderFormItemInput",
                    },
                  },
                },
                "variable": Object {
                  "kind": "Variable",
                  "name": Object {
                    "kind": "Name",
                    "value": "items",
                  },
                },
              },
            ],
          },
        ],
        "kind": "Document",
        "loc": Object {
          "end": 195,
          "source": Object {
            "body": "mutation addItem($orderFormId: String, $items: [OrderFormItemInput])
  @context(scope: \\"private\\") {
  addItem(orderFormId: $orderFormId, items: $items) {
    items {
      id
    }
  }
}
",
            "locationOffset": Object {
              "column": 1,
              "line": 1,
            },
            "name": "GraphQL request",
          },
          "start": 0,
        },
      },
      "definitions": Array [
        Object {
          "directives": Array [
            Object {
              "arguments": Array [
                Object {
                  "kind": "Argument",
                  "name": Object {
                    "kind": "Name",
                    "value": "scope",
                  },
                  "value": Object {
                    "block": false,
                    "kind": "StringValue",
                    "value": "private",
                  },
                },
              ],
              "kind": "Directive",
              "name": Object {
                "kind": "Name",
                "value": "context",
              },
            },
          ],
          "kind": "OperationDefinition",
          "name": Object {
            "kind": "Name",
            "value": "addItem",
          },
          "operation": "mutation",
          "selectionSet": Object {
            "kind": "SelectionSet",
            "selections": Array [
              Object {
                "arguments": Array [
                  Object {
                    "kind": "Argument",
                    "name": Object {
                      "kind": "Name",
                      "value": "orderFormId",
                    },
                    "value": Object {
                      "kind": "Variable",
                      "name": Object {
                        "kind": "Name",
                        "value": "orderFormId",
                      },
                    },
                  },
                  Object {
                    "kind": "Argument",
                    "name": Object {
                      "kind": "Name",
                      "value": "items",
                    },
                    "value": Object {
                      "kind": "Variable",
                      "name": Object {
                        "kind": "Name",
                        "value": "items",
                      },
                    },
                  },
                ],
                "directives": Array [],
                "kind": "Field",
                "name": Object {
                  "kind": "Name",
                  "value": "addItem",
                },
                "selectionSet": Object {
                  "kind": "SelectionSet",
                  "selections": Array [
                    Object {
                      "arguments": Array [],
                      "directives": Array [],
                      "kind": "Field",
                      "name": Object {
                        "kind": "Name",
                        "value": "items",
                      },
                      "selectionSet": Object {
                        "kind": "SelectionSet",
                        "selections": Array [
                          Object {
                            "arguments": Array [],
                            "directives": Array [],
                            "kind": "Field",
                            "name": Object {
                              "kind": "Name",
                              "value": "id",
                            },
                          },
                        ],
                      },
                    },
                  ],
                },
              },
            ],
          },
          "variableDefinitions": Array [
            Object {
              "kind": "VariableDefinition",
              "type": Object {
                "kind": "NamedType",
                "name": Object {
                  "kind": "Name",
                  "value": "String",
                },
              },
              "variable": Object {
                "kind": "Variable",
                "name": Object {
                  "kind": "Name",
                  "value": "orderFormId",
                },
              },
            },
            Object {
              "kind": "VariableDefinition",
              "type": Object {
                "kind": "ListType",
                "type": Object {
                  "kind": "NamedType",
                  "name": Object {
                    "kind": "Name",
                    "value": "OrderFormItemInput",
                  },
                },
              },
              "variable": Object {
                "kind": "Variable",
                "name": Object {
                  "kind": "Name",
                  "value": "items",
                },
              },
            },
          ],
        },
      ],
      "kind": "Document",
      "loc": Object {
        "end": 195,
        "source": Object {
          "body": "mutation addItem($orderFormId: String, $items: [OrderFormItemInput])
  @context(scope: \\"private\\") {
  addItem(orderFormId: $orderFormId, items: $items) {
    items {
      id
    }
  }
}
",
          "locationOffset": Object {
            "column": 1,
            "line": 1,
          },
          "name": "GraphQL request",
        },
        "start": 0,
      },
    }
  }
  variables={
    Object {
      "items": null,
      "orderFormId": "12321",
    }
  }
/>
`;
